[INFO] Scanning for projects...
[INFO] 
[INFO] -----------------------< com.group2:crypto-tool >-----------------------
[INFO] Building Crypto Tool - Group 2 1.0.0
[INFO]   from pom.xml
[INFO] --------------------------------[ jar ]---------------------------------
[INFO] 
[INFO] --- resources:3.3.1:resources (default-resources) @ crypto-tool ---
[INFO] Copying 1 resource from src\main\resources to target\classes
[INFO] Copying 115 resources from src\main\resources to target\classes
[INFO] 
[INFO] --- compiler:3.11.0:compile (default-compile) @ crypto-tool ---
[INFO] Nothing to compile - all classes are up to date
[INFO] 
[INFO] --- resources:3.3.1:testResources (default-testResources) @ crypto-tool ---
[INFO] skip non existing resourceDirectory D:\WorkSpace\MPJ\crypto-tool-group2\src\test\resources
[INFO] 
[INFO] --- compiler:3.11.0:testCompile (default-testCompile) @ crypto-tool ---
[INFO] Nothing to compile - all classes are up to date
[INFO] 
[INFO] --- surefire:3.1.2:test (default-test) @ crypto-tool ---
[INFO] Using auto detected provider org.apache.maven.surefire.junitplatform.JUnitPlatformProvider
[INFO] 
[INFO] -------------------------------------------------------
[INFO]  T E S T S
[INFO] -------------------------------------------------------
[INFO] Running com.group2.crypto.CryptoLogicTest
[INFO] Tests run: 2, Failures: 0, Errors: 0, Skipped: 0, Time elapsed: 0.045 s -- in com.group2.crypto.CryptoLogicTest
[INFO] 
[INFO] Results:
[INFO] 
[INFO] Tests run: 2, Failures: 0, Errors: 0, Skipped: 0
[INFO] 
[INFO] ------------------------------------------------------------------------
[INFO] BUILD SUCCESS
[INFO] ------------------------------------------------------------------------
[INFO] Total time:  1.776 s
[INFO] Finished at: 2026-04-03T00:32:36+07:00
[INFO] ------------------------------------------------------------------------
